ab
1b
a1
1.000000b
a1.000000
trueb
atrue
falseb
afalse
s1s1
s21
s31.000000
s4true
s5false
