#####################################
Objects count: 5
Max Objects: 1000
Objects count: 0
Max Objects: 1000
#####################################
Objects count: 4
Max Objects: 1000
Objects count: 1
Max Objects: 1000
#####################################
Objects count: 1
Max Objects: 1000
Objects count: 951
Max Objects: 1000
Objects count: 0
Max Objects: 1000
===============================================
Objects count: 0
Max Objects: 1000
