2
3
4
5
6
7
8
9
0 18
0 19
1 18
1 19
2 18
2 19
0
1
2
3
4
5
6
7
8
9
done
